warning: field `state` is never read
 --> src\game_engine\mod.rs:5:5
  |
3 | pub struct GameEngine {
  |            ---------- field in this struct
4 |     galaxy: Galaxy,
5 |     state: GameState,
  |     ^^^^^
  |
  = note: `#[warn(dead_code)]` (part of `#[warn(unused)]`) on by default

warning: variants `Victory` and `Defeat` are never constructed
  --> src\game_engine\mod.rs:11:5
   |
 9 | pub enum GameState {
   |          --------- variants in this enum
10 |     Playing,
11 |     Victory { rating: i32 },
   |     ^^^^^^^
12 |     Defeat { reason: DefeatReason },
   |     ^^^^^^
   |
   = note: `GameState` has derived impls for the traits `Clone` and `Debug`, but these are intentionally ignored during dead code analysis

warning: variants `ShipDestroyed`, `TimeExpired`, and `DeadInSpace` are never constructed
  --> src\game_engine\mod.rs:17:5
   |
16 | pub enum DefeatReason {
   |          ------------ variants in this enum
17 |     ShipDestroyed,
   |     ^^^^^^^^^^^^^
18 |     TimeExpired,
   |     ^^^^^^^^^^^
19 |     DeadInSpace,
   |     ^^^^^^^^^^^
   |
   = note: `DefeatReason` has derived impls for the traits `Clone` and `Debug`, but these are intentionally ignored during dead code analysis

warning: methods `state` and `check_game_over` are never used
  --> src\game_engine\mod.rs:38:12
   |
22 | impl GameEngine {
   | --------------- methods in this implementation
...
38 |     pub fn state(&self) -> &GameState {
   |            ^^^^^
...
43 |     pub fn check_game_over(&mut self) -> Option<GameState> {
   |            ^^^^^^^^^^^^^^^

warning: method `consume_energy` is never used
  --> src\models\enterprise.rs:54:12
   |
16 | impl Enterprise {
   | --------------- method in this implementation
...
54 |     pub fn consume_energy(&mut self, amount: f64) -> Result<(), &'static str> {
   |            ^^^^^^^^^^^^^^

warning: methods `decrement_starbases`, `is_time_expired`, and `decrement_quadrant_starbases` are never used
   --> src\models\galaxy.rs:158:12
    |
 36 | impl Galaxy {
    | ----------- methods in this implementation
...
158 |     pub fn decrement_starbases(&mut self) {
    |            ^^^^^^^^^^^^^^^^^^^
...
384 |     pub fn is_time_expired(&self) -> bool {
    |            ^^^^^^^^^^^^^^^
...
401 |     pub fn decrement_quadrant_starbases(&mut self) {
    |            ^^^^^^^^^^^^^^^^^^^^^^^^^^^^

warning: variants `InvalidInput`, `DeviceDamaged`, and `NavigationError` are never constructed
  --> src\models\errors.rs:10:5
   |
 6 | pub enum GameError {
   |          --------- variants in this enum
...
10 |     InvalidInput(String),
   |     ^^^^^^^^^^^^
11 |     /// Attempted to use a damaged device
12 |     DeviceDamaged(Device),
   |     ^^^^^^^^^^^^^
...
16 |     NavigationError(String),
   |     ^^^^^^^^^^^^^^^
   |
   = note: `GameError` has a derived impl for the trait `Debug`, but this is intentionally ignored during dead code analysis

warning: method `write` is never used
  --> src\io\mod.rs:12:8
   |
10 | pub trait OutputWriter {
   |           ------------ method in this trait
11 |     /// Write a message without a newline
12 |     fn write(&mut self, message: &str);
   |        ^^^^^

warning: struct `MockInput` is never constructed
  --> src\io\mod.rs:46:16
   |
46 |     pub struct MockInput {
   |                ^^^^^^^^^

warning: associated function `new` is never used
  --> src\io\mod.rs:51:16
   |
50 |     impl MockInput {
   |     -------------- associated function in this implementation
51 |         pub fn new(responses: Vec<&str>) -> Self {
   |                ^^^

warning: associated functions `show_victory` and `show_defeat` are never used
  --> src\ui\presenters.rs:38:12
   |
25 | impl CombatPresenter {
   | -------------------- associated functions in this implementation
...
38 |     pub fn show_victory(rating: i32, output: &mut dyn OutputWriter) {
   |            ^^^^^^^^^^^^
...
46 |     pub fn show_defeat(reason: &str, output: &mut dyn OutputWriter) {
   |            ^^^^^^^^^^^

warning: `startrek` (bin "startrek" test) generated 11 warnings
    Finished `test` profile [unoptimized + debuginfo] target(s) in 0.05s
     Running unittests src\main.rs (target\debug\deps\startrek-bb4b4568664ad5ad.exe)

running 114 tests
test models::enterprise::tests::docking_when_adjacent_diagonally ... ok
test models::enterprise::tests::docking_when_adjacent_horizontally ... ok
test models::enterprise::tests::shield_control_exact_boundary_at_total_energy ... ok
test models::enterprise::tests::shield_control_rejects_insufficient_energy ... ok
test models::enterprise::tests::no_docking_when_too_far ... ok
test models::enterprise::tests::shield_control_blocked_when_system_damaged ... ok
test models::enterprise::tests::shield_control_can_remove_all_shields ... ok
test models::enterprise::tests::shield_control_can_use_all_energy_for_shields ... ok
test models::enterprise::tests::docking_when_distance_exactly_one ... ok
test models::enterprise::tests::shield_control_preserves_total_energy ... ok
test models::enterprise::tests::no_docking_when_no_starbase ... ok
test models::enterprise::tests::shield_control_rejects_negative_input ... ok
test models::enterprise::tests::shield_control_transfers_shields_to_energy ... ok
test models::galaxy::tests::computer_memory_starts_unscanned_except_starting_quadrant ... ok
test models::galaxy::tests::all_klingons_destroyed_when_no_klingons ... ok
test models::enterprise::tests::shield_control_transfers_energy_to_shields ... ok
test models::enterprise::tests::shield_control_rejects_zero_input ... ok
test models::galaxy::tests::condition_docked_adjacent_to_starbase ... ok
test models::galaxy::tests::condition_green_no_klingons_full_energy ... ok
test models::galaxy::tests::condition_red_klingons_present ... ok
test models::galaxy::tests::condition_yellow_low_energy ... ok
test models::galaxy::tests::decrement_quadrant_klingons_updates_count ... ok
test models::galaxy::tests::deterministic_with_same_seed ... ok
test models::galaxy::tests::efficiency_rating_calculation ... ok
test models::galaxy::tests::different_seeds_produce_different_galaxies ... ok
test models::galaxy::tests::efficiency_rating_truncates_to_integer ... ok
test models::galaxy::tests::enterprise_starts_with_full_resources ... ok
test models::galaxy::tests::initial_klingons_equals_total_klingons ... ok
test models::galaxy::tests::mission_duration_is_30 ... ok
test models::galaxy::tests::new_galaxy_has_positive_klingons_and_starbases ... ok
test models::galaxy::tests::not_all_klingons_destroyed_when_klingons_remain ... ok
test models::galaxy::tests::quadrant_klingon_counts_sum_to_total ... ok
test models::galaxy::tests::quadrant_starbase_counts_sum_to_total ... ok
test models::galaxy::tests::render_row_length_is_24_chars ... ok
test models::galaxy::tests::render_row_shows_enterprise_symbol ... ok
test models::galaxy::tests::sector_map_entity_counts_match_quadrant_data ... ok
test models::galaxy::tests::sector_map_has_enterprise_after_init ... ok
test models::quadrant::tests::encoded_all_zeros ... ok
test models::galaxy::tests::stars_in_valid_range ... ok
test models::quadrant::tests::encoded_max_values ... ok
test models::quadrant::tests::encoded_mixed ... ok
test models::quadrant::tests::encoded_only_klingons ... ok
test models::quadrant::tests::encoded_only_starbases ... ok
test models::quadrant::tests::encoded_only_stars ... ok
test services::combat::tests::distance_diagonal ... ok
test services::combat::tests::distance_horizontal ... ok
test services::combat::tests::distance_same_position ... ok
test services::combat::tests::distance_symmetry ... ok
test services::combat::tests::distance_vertical ... ok
test models::galaxy::tests::enterprise_position_in_valid_range ... ok
test services::combat::tests::klingon_destruction_clears_grid ... ok
test services::combat::tests::klingons_fire_does_not_hit_from_dead_klingons ... ok
test services::combat::tests::klingons_fire_damage_depends_on_distance ... ok
test services::combat::tests::klingons_fire_reduces_shields ... ok
test services::combat::tests::klingons_fire_skips_when_docked ... ok
test services::combat::tests::multiple_klingons_all_take_damage ... ok
test services::combat::tests::retain_removes_only_dead_klingons ... ok
test services::combat::tests::torpedo_blocked_by_star ... ok
test services::combat::tests::torpedo_course_1_goes_east ... ok
test services::combat::tests::torpedo_course_3_goes_north ... ok
test services::combat::tests::torpedo_course_5_goes_west ... ok
test services::combat::tests::torpedo_course_7_goes_south ... ok
test services::combat::tests::torpedo_destroys_klingon_going_east ... ok
test services::combat::tests::torpedo_destroys_starbase ... ok
test models::galaxy::tests::stardate_in_valid_range ... ok
test services::combat::tests::torpedo_fractional_course_northeast ... ok
test services::combat::tests::torpedo_misses_at_boundary ... ok
test models::galaxy::tests::stardate_is_multiple_of_100 ... ok
test services::combat::tests::torpedo_readiness_blocked_when_no_torpedoes ... ok
test services::combat::tests::torpedo_readiness_blocked_when_tubes_damaged ... ok
test services::combat::tests::torpedo_readiness_ok_when_ready ... ok
test services::combat::tests::torpedo_stops_at_first_entity ... ok
test services::combat::tests::torpedo_travels_through_empty_sectors ... ok
test services::computer::tests::direction_calculation_east ... ok
test services::combat::tests::torpedo_victory_when_last_klingon_destroyed ... ok
test services::computer::tests::direction_calculation_north ... ok
test services::combat::tests::victory_when_last_klingon_destroyed ... ok
test services::computer::tests::direction_calculation_south ... ok
test services::computer::tests::direction_calculation_west ... ok
test services::computer::tests::distance_calculation_diagonal ... ok
test services::computer::tests::distance_calculation_horizontal ... ok
test services::computer::tests::distance_calculation_same_position ... ok
test services::computer::tests::galactic_record_shows_unscanned_as_negative ... ok
test services::computer::tests::record_blocked_when_computer_damaged ... ok
test services::computer::tests::starting_quadrant_is_recorded ... ok
test services::computer::tests::status_report_displays_without_panic ... ok
test services::computer::tests::status_report_falls_through_to_damage_report ... ok
test services::computer::tests::status_report_stardates_decrease_over_time ... ok
test services::computer::tests::status_report_stardates_remaining ... ok
test services::computer::tests::status_report_with_damage_control_damaged ... ok
test services::navigation::tests::direction_fractional_interpolation ... ok
test services::navigation::tests::collision_stops_before_occupied_sector ... ok
test services::navigation::tests::direction_integer_courses ... ok
test services::navigation::tests::crosses_quadrant_boundary_east ... ok
test services::navigation::tests::energy_cost_warp_1 ... ok
test services::navigation::tests::energy_cost_warp_8 ... ok
test services::navigation::tests::energy_cost_warp_half_gains_energy ... ok
test services::navigation::tests::move_east_within_quadrant ... ok
test services::navigation::tests::move_north_within_quadrant ... ok
test services::navigation::tests::quadrant_crossing_basic_east ... ok
test services::navigation::tests::move_south_within_quadrant ... ok
test services::navigation::tests::quadrant_crossing_galaxy_edge_east ... ok
test services::navigation::tests::quadrant_crossing_galaxy_edge_north ... ok
test services::navigation::tests::quadrant_crossing_galaxy_edge_south ... ok
test services::navigation::tests::quadrant_crossing_galaxy_edge_west ... ok
test services::navigation::tests::quadrant_crossing_sector_zero_correction ... ok
test services::navigation::tests::time_advances_at_warp_1 ... ok
test services::navigation::tests::time_unchanged_sub_warp_no_crossing ... ok
test services::scan::tests::long_range_scan_blocked_when_sensors_damaged ... ok
test services::scan::tests::long_range_scan_does_not_panic ... ok
test services::scan::tests::long_range_scan_does_not_record_when_computer_damaged ... ok
test services::scan::tests::long_range_scan_updates_computer_memory ... ok
test services::scan::tests::short_range_scan_blocked_when_sensors_damaged ... ok
test services::scan::tests::short_range_scan_does_not_panic ... ok

test result: ok. 114 passed; 0 failed; 0 ignored; 0 measured; 0 filtered out; finished in 0.01s

